// Jest Snapshot v1, https://goo.gl/fbAQLP

exports[`matches snapshot 1`] = `
<DocumentFragment>
  <main
    class="page-not-found__container"
  >
    <section
      class="page-not-found__message"
    >
      <h1
        class="page-not-found__title"
      >
        Error - 404
      </h1>
      <p
        class="page-not-found__text"
      >
        Ups, no content here
      </p>
      <a
        class="page-not-found__link"
        href="/"
      >
        Back to Home
      </a>
    </section>
  </main>
</DocumentFragment>
`;
